<?xml version="1.0" encoding="UTF-8"?>
<testsuites tests="8" failures="0" disabled="0" errors="0" time="0.002" timestamp="2022-10-14T05:20:13.156" name="AllTests">
  <testsuite name="test_q1" tests="5" failures="0" disabled="0" skipped="0" errors="0" time="0" timestamp="2022-10-14T05:20:13.156">
    <testcase name="int_case0" file="/home/runner/work/find_stones_solution/find_stones_solution/test/test.cpp" line="20" status="run" result="completed" time="0" timestamp="2022-10-14T05:20:13.156" classname="test_q1" />
    <testcase name="int_case1" file="/home/runner/work/find_stones_solution/find_stones_solution/test/test.cpp" line="30" status="run" result="completed" time="0" timestamp="2022-10-14T05:20:13.156" classname="test_q1" />
    <testcase name="int_case2" file="/home/runner/work/find_stones_solution/find_stones_solution/test/test.cpp" line="40" status="run" result="completed" time="0" timestamp="2022-10-14T05:20:13.156" classname="test_q1" />
    <testcase name="float_case0" file="/home/runner/work/find_stones_solution/find_stones_solution/test/test.cpp" line="50" status="run" result="completed" time="0" timestamp="2022-10-14T05:20:13.156" classname="test_q1" />
    <testcase name="double_case0" file="/home/runner/work/find_stones_solution/find_stones_solution/test/test.cpp" line="60" status="run" result="completed" time="0" timestamp="2022-10-14T05:20:13.156" classname="test_q1" />
  </testsuite>
  <testsuite name="test_q3" tests="3" failures="0" disabled="0" skipped="0" errors="0" time="0.002" timestamp="2022-10-14T05:20:13.156">
    <testcase name="int_case0" file="/home/runner/work/find_stones_solution/find_stones_solution/test/test.cpp" line="70" status="run" result="completed" time="0" timestamp="2022-10-14T05:20:13.156" classname="test_q3" />
    <testcase name="int_case1" file="/home/runner/work/find_stones_solution/find_stones_solution/test/test.cpp" line="83" status="run" result="completed" time="0" timestamp="2022-10-14T05:20:13.157" classname="test_q3" />
    <testcase name="int_case2" file="/home/runner/work/find_stones_solution/find_stones_solution/test/test.cpp" line="95" status="run" result="completed" time="0" timestamp="2022-10-14T05:20:13.158" classname="test_q3" />
  </testsuite>
</testsuites>
